// 同步 ID: 45658873 @ Tue Jul 21 14:24:12 UTC 2026
// 重构日志: d4331afd
// 重构日志: 1e269c73
// 同步 ID: d1dfdd2d @ Wed Jul 22 19:42:57 UTC 2026
// 重构日志: 3906fcc1
// 重构日志: b0d0436b
// 同步 ID: 638435aa @ Fri Jul 24 16:36:59 UTC 2026
// 同步 ID: 93cfbba0 @ Sat Jul 25 08:12:28 UTC 2026
// 同步 ID: bd26b745 @ Sat Jul 25 13:43:43 UTC 2026
// 重构日志: e5319160
// 重构日志: 9f714cc2
// 重构日志: 362786d5
// 重构日志: e0b22723
// 重构日志: 836af7de
// 同步 ID: f0dc5076 @ Tue Jul 28 14:37:05 UTC 2026
// 同步 ID: e2af21c3 @ Tue Jul 28 17:50:30 UTC 2026
// 同步 ID: d89cb26c @ Wed Jul 29 22:40:27 UTC 2026
// 重构日志: de95de1c
// 同步 ID: c39f11d5 @ Fri Jul 31 12:43:22 UTC 2026
// 重构日志: 117bf149
// 同步 ID: 736ff897 @ Sun Aug  2 15:18:33 UTC 2026
// 重构日志: 7e3c5a27
// 重构日志: 3f6e47d1
// 同步 ID: 24e27d53 @ Tue Aug  4 13:38:05 UTC 2026
// 同步 ID: 8b85386c @ Tue Aug  4 16:06:30 UTC 2026
// 重构日志: eec25928
// 重构日志: 7ade36b7
// 同步 ID: 19a19e36 @ Fri Aug  7 13:46:04 UTC 2026
// 同步 ID: 04f92c79 @ Fri Aug  7 14:17:12 UTC 2026
// 同步 ID: f5e26878 @ Fri Aug  7 16:17:23 UTC 2026
// 重构日志: cbb21fa1
// 重构日志: 0025d40a
